================================================================
ROCm CONDA ENVIRONMENT SETUP
Date: 西元2026年05月06日 (週三) 21時37分22秒 CST
Upgrade PyTorch: true
================================================================

Protected CUDA envs (will NOT be touched):
  - comfyui
  - kohya_ss
  - ai_env
  - audio_env
  - data_env

--- rocm-comfyui-r9700 ---
  Status: EXISTS
  PyTorch: 2.5.1+rocm6.2
  Upgrading PyTorch to 2.11.0+rocm7.2...
  WARNING: Attempting to resume incomplete download (1143.3 MB/6221.3 MB, attempt 1)
ERROR: Exception:
Traceback (most recent call last):
  File "/home/justin/miniconda3/envs/rocm-comfyui-r9700/lib/python3.11/site-packages/pip/_vendor/urllib3/response.py", line 438, in _error_catcher
    yield
  File "/home/justin/miniconda3/envs/rocm-comfyui-r9700/lib/python3.11/site-packages/pip/_vendor/urllib3/response.py", line 561, in read
    data = self._fp_read(amt) if not fp_closed else b""
           ^^^^^^^^^^^^^^^^^^
  File "/home/justin/miniconda3/envs/rocm-comfyui-r9700/lib/python3.11/site-packages/pip/_vendor/urllib3/response.py", line 527, in _fp_read
    return self._fp.read(amt) if amt is not None else self._fp.read()
           ^^^^^^^^^^^^^^^^^^
  File "/home/justin/miniconda3/envs/rocm-comfyui-r9700/lib/python3.11/site-packages/pip/_vendor/cachecontrol/filewrapper.py", line 104, in read
    self.__buf.write(data)
  File "/home/justin/miniconda3/envs/rocm-comfyui-r9700/lib/python3.11/tempfile.py", line 500, in func_wrapper
    return func(*args, **kwargs)
           ^^^^^^^^^^^^^^^^^^^^^
OSError: [Errno 28] No space left on device

During handling of the above exception, another exception occurred:

Traceback (most recent call last):
  File "/home/justin/miniconda3/envs/rocm-comfyui-r9700/lib/python3.11/site-packages/pip/_internal/cli/base_command.py", line 107, in _run_wrapper
    status = _inner_run()
             ^^^^^^^^^^^^
  File "/home/justin/miniconda3/envs/rocm-comfyui-r9700/lib/python3.11/site-packages/pip/_internal/cli/base_command.py", line 98, in _inner_run
    return self.run(options, args)
           ^^^^^^^^^^^^^^^^^^^^^^^
  File "/home/justin/miniconda3/envs/rocm-comfyui-r9700/lib/python3.11/site-packages/pip/_internal/cli/req_command.py", line 96, in wrapper
    return func(self, options, args)
           ^^^^^^^^^^^^^^^^^^^^^^^^^
  File "/home/justin/miniconda3/envs/rocm-comfyui-r9700/lib/python3.11/site-packages/pip/_internal/commands/install.py", line 392, in run
    requirement_set = resolver.resolve(
                      ^^^^^^^^^^^^^^^^^
  File "/home/justin/miniconda3/envs/rocm-comfyui-r9700/lib/python3.11/site-packages/pip/_internal/resolution/resolvelib/resolver.py", line 99, in resolve
    result = self._result = resolver.resolve(
                            ^^^^^^^^^^^^^^^^^
  File "/home/justin/miniconda3/envs/rocm-comfyui-r9700/lib/python3.11/site-packages/pip/_vendor/resolvelib/resolvers/resolution.py", line 601, in resolve
    state = resolution.resolve(requirements, max_rounds=max_rounds)
            ^^^^^^^^^^^^^^^^^^^^^^^^^^^^^^^^^^^^^^^^^^^^^^^^^^^^^^^
  File "/home/justin/miniconda3/envs/rocm-comfyui-r9700/lib/python3.11/site-packages/pip/_vendor/resolvelib/resolvers/resolution.py", line 434, in resolve
    self._add_to_criteria(self.state.criteria, r, parent=None)
  File "/home/justin/miniconda3/envs/rocm-comfyui-r9700/lib/python3.11/site-packages/pip/_vendor/resolvelib/resolvers/resolution.py", line 150, in _add_to_criteria
    if not criterion.candidates:
  File "/home/justin/miniconda3/envs/rocm-comfyui-r9700/lib/python3.11/site-packages/pip/_vendor/resolvelib/structs.py", line 194, in __bool__
    return bool(self._sequence)
           ^^^^^^^^^^^^^^^^^^^^
  File "/home/justin/miniconda3/envs/rocm-comfyui-r9700/lib/python3.11/site-packages/pip/_internal/resolution/resolvelib/found_candidates.py", line 165, in __bool__
    self._bool = any(self)
                 ^^^^^^^^^
  File "/home/justin/miniconda3/envs/rocm-comfyui-r9700/lib/python3.11/site-packages/pip/_internal/resolution/resolvelib/found_candidates.py", line 149, in <genexpr>
    return (c for c in iterator if id(c) not in self._incompatible_ids)
           ^^^^^^^^^^^^^^^^^^^^^^^^^^^^^^^^^^^^^^^^^^^^^^^^^^^^^^^^^^^^
  File "/home/justin/miniconda3/envs/rocm-comfyui-r9700/lib/python3.11/site-packages/pip/_internal/resolution/resolvelib/found_candidates.py", line 39, in _iter_built
    candidate = func()
                ^^^^^^
  File "/home/justin/miniconda3/envs/rocm-comfyui-r9700/lib/python3.11/site-packages/pip/_internal/resolution/resolvelib/factory.py", line 180, in _make_candidate_from_link
    base: BaseCandidate | None = self._make_base_candidate_from_link(
                                 ^^^^^^^^^^^^^^^^^^^^^^^^^^^^^^^^^^^^
  File "/home/justin/miniconda3/envs/rocm-comfyui-r9700/lib/python3.11/site-packages/pip/_internal/resolution/resolvelib/factory.py", line 226, in _make_base_candidate_from_link
    self._link_candidate_cache[link] = LinkCandidate(
                                       ^^^^^^^^^^^^^^
  File "/home/justin/miniconda3/envs/rocm-comfyui-r9700/lib/python3.11/site-packages/pip/_internal/resolution/resolvelib/candidates.py", line 318, in __init__
    super().__init__(
  File "/home/justin/miniconda3/envs/rocm-comfyui-r9700/lib/python3.11/site-packages/pip/_internal/resolution/resolvelib/candidates.py", line 161, in __init__
    self.dist = self._prepare()
                ^^^^^^^^^^^^^^^
  File "/home/justin/miniconda3/envs/rocm-comfyui-r9700/lib/python3.11/site-packages/pip/_internal/resolution/resolvelib/candidates.py", line 238, in _prepare
    dist = self._prepare_distribution()
           ^^^^^^^^^^^^^^^^^^^^^^^^^^^^
  File "/home/justin/miniconda3/envs/rocm-comfyui-r9700/lib/python3.11/site-packages/pip/_internal/resolution/resolvelib/candidates.py", line 329, in _prepare_distribution
    return preparer.prepare_linked_requirement(self._ireq, parallel_builds=True)
           ^^^^^^^^^^^^^^^^^^^^^^^^^^^^^^^^^^^^^^^^^^^^^^^^^^^^^^^^^^^^^^^^^^^^^
  File "/home/justin/miniconda3/envs/rocm-comfyui-r9700/lib/python3.11/site-packages/pip/_internal/operations/prepare.py", line 542, in prepare_linked_requirement
    return self._prepare_linked_requirement(req, parallel_builds)
           ^^^^^^^^^^^^^^^^^^^^^^^^^^^^^^^^^^^^^^^^^^^^^^^^^^^^^^
  File "/home/justin/miniconda3/envs/rocm-comfyui-r9700/lib/python3.11/site-packages/pip/_internal/operations/prepare.py", line 613, in _prepare_linked_requirement
    local_file = unpack_url(
                 ^^^^^^^^^^^
  File "/home/justin/miniconda3/envs/rocm-comfyui-r9700/lib/python3.11/site-packages/pip/_internal/operations/prepare.py", line 180, in unpack_url
    file = get_http_url(
           ^^^^^^^^^^^^^
  File "/home/justin/miniconda3/envs/rocm-comfyui-r9700/lib/python3.11/site-packages/pip/_internal/operations/prepare.py", line 121, in get_http_url
    from_path, content_type = download(link, temp_dir.path)
                              ^^^^^^^^^^^^^^^^^^^^^^^^^^^^^
  File "/home/justin/miniconda3/envs/rocm-comfyui-r9700/lib/python3.11/site-packages/pip/_internal/network/download.py", line 196, in __call__
    self._attempt_resumes_or_redownloads(download, resp)
  File "/home/justin/miniconda3/envs/rocm-comfyui-r9700/lib/python3.11/site-packages/pip/_internal/network/download.py", line 246, in _attempt_resumes_or_redownloads
    self._process_response(download, resume_resp)
  File "/home/justin/miniconda3/envs/rocm-comfyui-r9700/lib/python3.11/site-packages/pip/_internal/network/download.py", line 211, in _process_response
    for chunk in chunks:
  File "/home/justin/miniconda3/envs/rocm-comfyui-r9700/lib/python3.11/site-packages/pip/_internal/cli/progress_bars.py", line 69, in _rich_download_progress_bar
    for chunk in iterable:
  File "/home/justin/miniconda3/envs/rocm-comfyui-r9700/lib/python3.11/site-packages/pip/_internal/network/utils.py", line 65, in response_chunks
    for chunk in response.raw.stream(
  File "/home/justin/miniconda3/envs/rocm-comfyui-r9700/lib/python3.11/site-packages/pip/_vendor/urllib3/response.py", line 622, in stream
    data = self.read(amt=amt, decode_content=decode_content)
           ^^^^^^^^^^^^^^^^^^^^^^^^^^^^^^^^^^^^^^^^^^^^^^^^^
  File "/home/justin/miniconda3/envs/rocm-comfyui-r9700/lib/python3.11/site-packages/pip/_vendor/urllib3/response.py", line 560, in read
    with self._error_catcher():
  File "/home/justin/miniconda3/envs/rocm-comfyui-r9700/lib/python3.11/contextlib.py", line 158, in __exit__
    self.gen.throw(typ, value, traceback)
  File "/home/justin/miniconda3/envs/rocm-comfyui-r9700/lib/python3.11/site-packages/pip/_vendor/urllib3/response.py", line 455, in _error_catcher
    raise ProtocolError("Connection broken: %r" % e, e)
pip._vendor.urllib3.exceptions.ProtocolError: ("Connection broken: OSError(28, 'No space left on device')", OSError(28, 'No space left on device'))

ERROR conda.cli.main_run:execute(127): `conda run pip install torch torchvision torchaudio --index-url https://download.pytorch.org/whl/rocm7.2 --force-reinstall` failed. (See above for error)
Looking in indexes: https://download.pytorch.org/whl/rocm7.2
Collecting torch
  Downloading https://download-r2.pytorch.org/whl/rocm7.2/torch-2.11.0%2Brocm7.2-cp311-cp311-manylinux_2_28_x86_64.whl (6221.3 MB)
     ━━━━━━━                                  1.1/6.2 GB 3.3 MB/s  0:25:35
  Resuming download https://download-r2.pytorch.org/whl/rocm7.2/torch-2.11.0%2Brocm7.2-cp311-cp311-manylinux_2_28_x86_64.whl (1143.3 MB/6221.3 MB)
     ━━━━━━━━━━━━━━━━━━━━━━━━━━━━━━━━         5.1/6.2 GB 8.1 MB/s eta 0:02:24

  [ERROR] Upgrade failed for rocm-comfyui-r9700

--- rocm-diffusers-r9700 ---
  Status: EXISTS
  PyTorch: 2.5.1+rocm6.2
  Upgrading PyTorch to 2.11.0+rocm7.2...
Looking in indexes: https://download.pytorch.org/whl/rocm7.2
Collecting torch
  Downloading https://download-r2.pytorch.org/whl/rocm7.2/torch-2.11.0%2Brocm7.2-cp311-cp311-manylinux_2_28_x86_64.whl (6221.3 MB)
     ━━━━━━━━━━━━━━━━━━━━━━━━━━━━━━━━━━━━━━━━ 6.2/6.2 GB 9.1 MB/s  0:10:28
Collecting torchvision
  Downloading https://download-r2.pytorch.org/whl/rocm7.2/torchvision-0.26.0%2Brocm7.2-cp311-cp311-manylinux_2_28_x86_64.whl.metadata (5.5 kB)
Collecting torchaudio
  Downloading https://download-r2.pytorch.org/whl/rocm7.2/torchaudio-2.11.0%2Brocm7.2-cp311-cp311-manylinux_2_28_x86_64.whl.metadata (6.9 kB)
Collecting filelock (from torch)
  Using cached filelock-3.25.2-py3-none-any.whl.metadata (2.0 kB)
Collecting typing-extensions>=4.10.0 (from torch)
  Using cached typing_extensions-4.15.0-py3-none-any.whl.metadata (3.3 kB)
Collecting setuptools<82 (from torch)
  Downloading https://download.pytorch.org/whl/setuptools-70.2.0-py3-none-any.whl.metadata (5.8 kB)
Collecting sympy>=1.13.3 (from torch)
  Downloading sympy-1.14.0-py3-none-any.whl.metadata (12 kB)
Collecting networkx>=2.5.1 (from torch)
  Using cached networkx-3.6.1-py3-none-any.whl.metadata (6.8 kB)
Collecting jinja2 (from torch)
  Using cached https://download.pytorch.org/whl/jinja2-3.1.6-py3-none-any.whl.metadata (2.9 kB)
Collecting fsspec>=0.8.5 (from torch)
  Using cached fsspec-2026.2.0-py3-none-any.whl.metadata (10 kB)
Collecting triton-rocm==3.6.0 (from torch)
  Downloading https://download-r2.pytorch.org/whl/triton_rocm-3.6.0-cp311-cp311-linux_x86_64.whl.metadata (1.7 kB)
Collecting numpy (from torchvision)
  Using cached numpy-2.4.3-cp311-cp311-manylinux_2_27_x86_64.manylinux_2_28_x86_64.whl.metadata (6.6 kB)
Collecting pillow!=8.3.*,>=5.3.0 (from torchvision)
  Using cached pillow-12.1.1-cp311-cp311-manylinux_2_27_x86_64.manylinux_2_28_x86_64.whl.metadata (8.8 kB)
Collecting mpmath<1.4,>=1.1.0 (from sympy>=1.13.3->torch)
  Using cached mpmath-1.3.0-py3-none-any.whl.metadata (8.6 kB)
Collecting MarkupSafe>=2.0 (from jinja2->torch)
  Using cached https://download.pytorch.org/whl/markupsafe-3.0.3-cp311-cp311-manylinux2014_x86_64.manylinux_2_17_x86_64.manylinux_2_28_x86_64.whl.metadata (2.7 kB)
Downloading https://download-r2.pytorch.org/whl/triton_rocm-3.6.0-cp311-cp311-linux_x86_64.whl (302.4 MB)
   ━━━━━━━━━━━━━━━━━━━━━━━━━━━━━━━━━━━━━━━━ 302.4/302.4 MB 7.8 MB/s  0:00:36
Downloading https://download.pytorch.org/whl/setuptools-70.2.0-py3-none-any.whl (930 kB)
   ━━━━━━━━━━━━━━━━━━━━━━━━━━━━━━━━━━━━━━━━ 930.8/930.8 kB 10.2 MB/s  0:00:00
Downloading https://download-r2.pytorch.org/whl/rocm7.2/torchvision-0.26.0%2Brocm7.2-cp311-cp311-manylinux_2_28_x86_64.whl (3.5 MB)
   ━━━━━━━━━━━━━━━━━━━━━━━━━━━━━━━━━━━━━━━━ 3.5/3.5 MB 9.5 MB/s  0:00:00
Downloading https://download-r2.pytorch.org/whl/rocm7.2/torchaudio-2.11.0%2Brocm7.2-cp311-cp311-manylinux_2_28_x86_64.whl (337 kB)
Using cached fsspec-2026.2.0-py3-none-any.whl (202 kB)
Using cached networkx-3.6.1-py3-none-any.whl (2.1 MB)
Using cached pillow-12.1.1-cp311-cp311-manylinux_2_27_x86_64.manylinux_2_28_x86_64.whl (7.0 MB)
Downloading sympy-1.14.0-py3-none-any.whl (6.3 MB)
   ━━━━━━━━━━━━━━━━━━━━━━━━━━━━━━━━━━━━━━━━ 6.3/6.3 MB 3.3 MB/s  0:00:02
Using cached mpmath-1.3.0-py3-none-any.whl (536 kB)
Using cached typing_extensions-4.15.0-py3-none-any.whl (44 kB)
Using cached filelock-3.25.2-py3-none-any.whl (26 kB)
Using cached https://download.pytorch.org/whl/jinja2-3.1.6-py3-none-any.whl (134 kB)
Using cached https://download.pytorch.org/whl/markupsafe-3.0.3-cp311-cp311-manylinux2014_x86_64.manylinux_2_17_x86_64.manylinux_2_28_x86_64.whl (22 kB)
Using cached numpy-2.4.3-cp311-cp311-manylinux_2_27_x86_64.manylinux_2_28_x86_64.whl (16.9 MB)
Installing collected packages: torchaudio, mpmath, typing-extensions, triton-rocm, sympy, setuptools, pillow, numpy, networkx, MarkupSafe, fsspec, filelock, jinja2, torch, torchvision
  Attempting uninstall: torchaudio
    Found existing installation: torchaudio 2.5.1+rocm6.2
    Uninstalling torchaudio-2.5.1+rocm6.2:
      Successfully uninstalled torchaudio-2.5.1+rocm6.2
  Attempting uninstall: mpmath
    Found existing installation: mpmath 1.3.0
    Uninstalling mpmath-1.3.0:
      Successfully uninstalled mpmath-1.3.0
  Attempting uninstall: typing-extensions
    Found existing installation: typing_extensions 4.15.0
    Uninstalling typing_extensions-4.15.0:
      Successfully uninstalled typing_extensions-4.15.0
  Attempting uninstall: sympy
    Found existing installation: sympy 1.13.1
    Uninstalling sympy-1.13.1:
      Successfully uninstalled sympy-1.13.1
  Attempting uninstall: setuptools
    Found existing installation: setuptools 82.0.1
    Uninstalling setuptools-82.0.1:
      Successfully uninstalled setuptools-82.0.1
  Attempting uninstall: pillow
    Found existing installation: pillow 12.1.1
    Uninstalling pillow-12.1.1:
      Successfully uninstalled pillow-12.1.1
  Attempting uninstall: numpy
    Found existing installation: numpy 2.4.3
    Uninstalling numpy-2.4.3:
      Successfully uninstalled numpy-2.4.3
  Attempting uninstall: networkx
    Found existing installation: networkx 3.6.1
    Uninstalling networkx-3.6.1:
      Successfully uninstalled networkx-3.6.1
  Attempting uninstall: MarkupSafe
    Found existing installation: MarkupSafe 3.0.3
    Uninstalling MarkupSafe-3.0.3:
      Successfully uninstalled MarkupSafe-3.0.3
  Attempting uninstall: fsspec
    Found existing installation: fsspec 2026.2.0
    Uninstalling fsspec-2026.2.0:
      Successfully uninstalled fsspec-2026.2.0
  Attempting uninstall: filelock
    Found existing installation: filelock 3.25.2
    Uninstalling filelock-3.25.2:
      Successfully uninstalled filelock-3.25.2
  Attempting uninstall: jinja2
    Found existing installation: Jinja2 3.1.6
    Uninstalling Jinja2-3.1.6:
      Successfully uninstalled Jinja2-3.1.6
  Attempting uninstall: torch
    Found existing installation: torch 2.5.1+rocm6.2
    Uninstalling torch-2.5.1+rocm6.2:
      Successfully uninstalled torch-2.5.1+rocm6.2
  Attempting uninstall: torchvision
    Found existing installation: torchvision 0.20.1+rocm6.2
    Uninstalling torchvision-0.20.1+rocm6.2:
      Successfully uninstalled torchvision-0.20.1+rocm6.2

Successfully installed MarkupSafe-3.0.3 filelock-3.25.2 fsspec-2026.2.0 jinja2-3.1.6 mpmath-1.3.0 networkx-3.6.1 numpy-2.4.3 pillow-12.1.1 setuptools-70.2.0 sympy-1.14.0 torch-2.11.0+rocm7.2 torchaudio-2.11.0+rocm7.2 torchvision-0.26.0+rocm7.2 triton-rocm-3.6.0 typing-extensions-4.15.0


--- rocm-video-r9700 ---
  Status: EXISTS
