================================================================
PyTorch Upgrade Verification
Expected: 2.11.0+rocm7.2   Old: 2.5.1+rocm6.2
Date: 西元2026年05月07日 (週四) 13時25分15秒 CST
================================================================

--- rocm-comfyui-r9700 ---
  Active torch: 2.11.0+rocm7.2
  [PASS] New version confirmed
  [OK]   Old dist-info not present (correctly removed)
  [OK]   No rocm6.2 artifacts remaining
  Env size: 15G

--- rocm-diffusers-r9700 ---
  Active torch: 2.11.0+rocm7.2
  [PASS] New version confirmed
  [OK]   Old dist-info not present (correctly removed)
  [OK]   No rocm6.2 artifacts remaining
  Env size: 16G

--- rocm-video-r9700 ---
  Active torch: 2.11.0+rocm7.2
  [PASS] New version confirmed
  [OK]   Old dist-info not present (correctly removed)
  [OK]   No rocm6.2 artifacts remaining
  Env size: 16G

--- rocm-lora-r9700 ---
  Active torch: 2.11.0+rocm7.2
  [PASS] New version confirmed
  [OK]   Old dist-info not present (correctly removed)
  [OK]   No rocm6.2 artifacts remaining
  Env size: 16G

--- rocm-pytorch-r9700 ---
  Active torch: 2.11.0+rocm7.2
  [PASS] New version confirmed
  [OK]   Old dist-info not present (correctly removed)
  [OK]   No rocm6.2 artifacts remaining
  Env size: 16G

--- rocm-ltx23-r9700 ---
  Active torch: 2.5.1+rocm6.2
  [FAIL] Expected 2.11.0+rocm7.2, got: 2.5.1+rocm6.2
  [WARN] Old dist-info still present: /home/justin/miniconda3/envs/rocm-ltx23-r9700/lib/python3.12/site-packages/torch-2.5.1+rocm6.2.dist-info
         Removing stale metadata...
         [CLEANED]
  [WARN] Other rocm6.2 artifacts found:
         /home/justin/miniconda3/envs/rocm-ltx23-r9700/lib/python3.12/site-packages/torchvision-0.20.1+rocm6.2.dist-info
         [CLEANED]
         /home/justin/miniconda3/envs/rocm-ltx23-r9700/lib/python3.12/site-packages/torchaudio-2.5.1+rocm6.2.dist-info
         [CLEANED]
  Env size: 18G

================================================================
Summary: 5 PASSED, 1 FAILED
WARNING: 1 environment(s) may need manual attention
Re-run: bash scripts/03_create_rocm_image_video_conda_envs.sh --upgrade-pytorch
Log: /mnt/c/ai_projects/rocm-image-video-stack/logs/03b_verify_pytorch_20260507_132515.log
================================================================
