CUDA ComfyUI detected at /mnt/c/ai_tools/comfyui — will NOT be touched
================================================================
ComfyUI ROCm SETUP
Date: 西元2026年05月07日 (週四) 13時40分07秒 CST
Target: /mnt/c/ai_tools/comfyui-rocm
Conda env: rocm-comfyui-r9700
Port: 8189
================================================================

Step 1: Clone ComfyUI...
  Cloning from https://github.com/comfyanonymous/ComfyUI.git...
Cloning into '/mnt/c/ai_tools/comfyui-rocm'...
  [OK]

Step 2: Create constraints.txt...
  constraints.txt created with:
torch==2.11.0+rocm7.2
torchvision==0.26.0+rocm7.2
torchaudio==2.11.0+rocm7.2

Step 3: Install ComfyUI requirements...
Collecting comfyui-frontend-package==1.43.17 (from -r /mnt/c/ai_tools/comfyui-rocm/requirements.txt (line 1))
  Downloading comfyui_frontend_package-1.43.17-py3-none-any.whl.metadata (118 bytes)
Collecting comfyui-workflow-templates==0.9.69 (from -r /mnt/c/ai_tools/comfyui-rocm/requirements.txt (line 2))
  Downloading comfyui_workflow_templates-0.9.69-py3-none-any.whl.metadata (23 kB)
Collecting comfyui-embedded-docs==0.4.4 (from -r /mnt/c/ai_tools/comfyui-rocm/requirements.txt (line 3))
  Downloading comfyui_embedded_docs-0.4.4-py3-none-any.whl.metadata (4.5 kB)
Requirement already satisfied: torch in /home/justin/miniconda3/envs/rocm-comfyui-r9700/lib/python3.11/site-packages (from -r /mnt/c/ai_tools/comfyui-rocm/requirements.txt (line 4)) (2.11.0+rocm7.2)
Collecting torchsde (from -r /mnt/c/ai_tools/comfyui-rocm/requirements.txt (line 5))
  Downloading torchsde-0.2.6-py3-none-any.whl.metadata (5.3 kB)
Requirement already satisfied: torchvision in /home/justin/miniconda3/envs/rocm-comfyui-r9700/lib/python3.11/site-packages (from -r /mnt/c/ai_tools/comfyui-rocm/requirements.txt (line 6)) (0.26.0+rocm7.2)
Requirement already satisfied: torchaudio in /home/justin/miniconda3/envs/rocm-comfyui-r9700/lib/python3.11/site-packages (from -r /mnt/c/ai_tools/comfyui-rocm/requirements.txt (line 7)) (2.11.0+rocm7.2)
Requirement already satisfied: numpy>=1.25.0 in /home/justin/miniconda3/envs/rocm-comfyui-r9700/lib/python3.11/site-packages (from -r /mnt/c/ai_tools/comfyui-rocm/requirements.txt (line 8)) (2.4.3)
Collecting einops (from -r /mnt/c/ai_tools/comfyui-rocm/requirements.txt (line 9))
  Using cached einops-0.8.2-py3-none-any.whl.metadata (13 kB)
Collecting transformers>=4.50.3 (from -r /mnt/c/ai_tools/comfyui-rocm/requirements.txt (line 10))
  Downloading transformers-5.8.0-py3-none-any.whl.metadata (33 kB)
Collecting tokenizers>=0.13.3 (from -r /mnt/c/ai_tools/comfyui-rocm/requirements.txt (line 11))
  Downloading tokenizers-0.23.1-cp310-abi3-manylinux_2_17_x86_64.manylinux2014_x86_64.whl.metadata (9.8 kB)
Collecting sentencepiece (from -r /mnt/c/ai_tools/comfyui-rocm/requirements.txt (line 12))
  Using cached sentencepiece-0.2.1-cp311-cp311-manylinux_2_27_x86_64.manylinux_2_28_x86_64.whl.metadata (10 kB)
Collecting safetensors>=0.4.2 (from -r /mnt/c/ai_tools/comfyui-rocm/requirements.txt (line 13))
  Using cached safetensors-0.7.0-cp38-abi3-manylinux_2_17_x86_64.manylinux2014_x86_64.whl.metadata (4.1 kB)
Collecting aiohttp>=3.11.8 (from -r /mnt/c/ai_tools/comfyui-rocm/requirements.txt (line 14))
  Using cached aiohttp-3.13.5-cp311-cp311-manylinux2014_x86_64.manylinux_2_17_x86_64.manylinux_2_28_x86_64.whl.metadata (8.1 kB)
Collecting yarl>=1.18.0 (from -r /mnt/c/ai_tools/comfyui-rocm/requirements.txt (line 15))
  Using cached yarl-1.23.0-cp311-cp311-manylinux2014_x86_64.manylinux_2_17_x86_64.manylinux_2_28_x86_64.whl.metadata (79 kB)
Collecting pyyaml (from -r /mnt/c/ai_tools/comfyui-rocm/requirements.txt (line 16))
  Using cached pyyaml-6.0.3-cp311-cp311-manylinux2014_x86_64.manylinux_2_17_x86_64.manylinux_2_28_x86_64.whl.metadata (2.4 kB)
Requirement already satisfied: Pillow in /home/justin/miniconda3/envs/rocm-comfyui-r9700/lib/python3.11/site-packages (from -r /mnt/c/ai_tools/comfyui-rocm/requirements.txt (line 17)) (12.1.1)
Collecting scipy (from -r /mnt/c/ai_tools/comfyui-rocm/requirements.txt (line 18))
  Downloading scipy-1.17.1-cp311-cp311-manylinux_2_27_x86_64.manylinux_2_28_x86_64.whl.metadata (62 kB)
Requirement already satisfied: tqdm in /home/justin/miniconda3/envs/rocm-comfyui-r9700/lib/python3.11/site-packages (from -r /mnt/c/ai_tools/comfyui-rocm/requirements.txt (line 19)) (4.67.3)
Collecting psutil (from -r /mnt/c/ai_tools/comfyui-rocm/requirements.txt (line 20))
  Using cached psutil-7.2.2-cp36-abi3-manylinux2010_x86_64.manylinux_2_12_x86_64.manylinux_2_28_x86_64.whl.metadata (22 kB)
Collecting alembic (from -r /mnt/c/ai_tools/comfyui-rocm/requirements.txt (line 21))
  Downloading alembic-1.18.4-py3-none-any.whl.metadata (7.2 kB)
Collecting SQLAlchemy>=2.0.0 (from -r /mnt/c/ai_tools/comfyui-rocm/requirements.txt (line 22))
  Downloading sqlalchemy-2.0.49-cp311-cp311-manylinux2014_x86_64.manylinux_2_17_x86_64.manylinux_2_28_x86_64.whl.metadata (9.5 kB)
Requirement already satisfied: filelock in /home/justin/miniconda3/envs/rocm-comfyui-r9700/lib/python3.11/site-packages (from -r /mnt/c/ai_tools/comfyui-rocm/requirements.txt (line 23)) (3.25.2)
Collecting av>=14.2.0 (from -r /mnt/c/ai_tools/comfyui-rocm/requirements.txt (line 24))
  Downloading av-17.0.1-cp311-abi3-manylinux_2_28_x86_64.whl.metadata (4.6 kB)
Collecting comfy-kitchen>=0.2.8 (from -r /mnt/c/ai_tools/comfyui-rocm/requirements.txt (line 25))
  Downloading comfy_kitchen-0.2.8-cp311-cp311-manylinux_2_24_x86_64.manylinux_2_28_x86_64.whl.metadata (7.5 kB)
Collecting comfy-aimdo==0.3.0 (from -r /mnt/c/ai_tools/comfyui-rocm/requirements.txt (line 26))
  Downloading comfy_aimdo-0.3.0-cp39-abi3-manylinux1_x86_64.manylinux2014_x86_64.manylinux_2_17_x86_64.manylinux_2_5_x86_64.whl.metadata (4.2 kB)
Requirement already satisfied: requests in /home/justin/miniconda3/envs/rocm-comfyui-r9700/lib/python3.11/site-packages (from -r /mnt/c/ai_tools/comfyui-rocm/requirements.txt (line 27)) (2.33.1)
Collecting simpleeval>=1.0.0 (from -r /mnt/c/ai_tools/comfyui-rocm/requirements.txt (line 28))
  Downloading simpleeval-1.0.7-py3-none-any.whl.metadata (20 kB)
Collecting blake3 (from -r /mnt/c/ai_tools/comfyui-rocm/requirements.txt (line 29))
  Downloading blake3-1.0.8-cp311-cp311-manylinux_2_17_x86_64.manylinux2014_x86_64.whl.metadata (4.6 kB)
Collecting kornia>=0.7.1 (from -r /mnt/c/ai_tools/comfyui-rocm/requirements.txt (line 32))
  Downloading kornia-0.8.2-py2.py3-none-any.whl.metadata (18 kB)
Collecting spandrel (from -r /mnt/c/ai_tools/comfyui-rocm/requirements.txt (line 33))
  Downloading spandrel-0.4.2-py3-none-any.whl.metadata (15 kB)
Collecting pydantic~=2.0 (from -r /mnt/c/ai_tools/comfyui-rocm/requirements.txt (line 34))
  Downloading pydantic-2.13.4-py3-none-any.whl.metadata (109 kB)
Collecting pydantic-settings~=2.0 (from -r /mnt/c/ai_tools/comfyui-rocm/requirements.txt (line 35))
  Downloading pydantic_settings-2.14.0-py3-none-any.whl.metadata (3.4 kB)
Collecting PyOpenGL (from -r /mnt/c/ai_tools/comfyui-rocm/requirements.txt (line 36))
  Downloading pyopengl-3.1.10-py3-none-any.whl.metadata (3.3 kB)
Collecting glfw (from -r /mnt/c/ai_tools/comfyui-rocm/requirements.txt (line 37))
  Downloading glfw-2.10.0-py2.py27.py3.py30.py31.py32.py33.py34.py35.py36.py37.py38.py39.py310.py311.py312.py313.py314-none-manylinux_2_28_x86_64.whl.metadata (5.4 kB)
Collecting comfyui-workflow-templates-core==0.3.226 (from comfyui-workflow-templates==0.9.69->-r /mnt/c/ai_tools/comfyui-rocm/requirements.txt (line 2))
  Downloading comfyui_workflow_templates_core-0.3.226-py3-none-any.whl.metadata (260 bytes)
Collecting comfyui-workflow-templates-media-api==0.3.75 (from comfyui-workflow-templates==0.9.69->-r /mnt/c/ai_tools/comfyui-rocm/requirements.txt (line 2))
  Downloading comfyui_workflow_templates_media_api-0.3.75-py3-none-any.whl.metadata (290 bytes)
Collecting comfyui-workflow-templates-media-video==0.3.83 (from comfyui-workflow-templates==0.9.69->-r /mnt/c/ai_tools/comfyui-rocm/requirements.txt (line 2))
  Downloading comfyui_workflow_templates_media_video-0.3.83-py3-none-any.whl.metadata (282 bytes)
Collecting comfyui-workflow-templates-media-image==0.3.135 (from comfyui-workflow-templates==0.9.69->-r /mnt/c/ai_tools/comfyui-rocm/requirements.txt (line 2))
  Downloading comfyui_workflow_templates_media_image-0.3.135-py3-none-any.whl.metadata (283 bytes)
Collecting comfyui-workflow-templates-media-other==0.3.192 (from comfyui-workflow-templates==0.9.69->-r /mnt/c/ai_tools/comfyui-rocm/requirements.txt (line 2))
  Downloading comfyui_workflow_templates_media_other-0.3.192-py3-none-any.whl.metadata (306 bytes)
Collecting annotated-types>=0.6.0 (from pydantic~=2.0->-r /mnt/c/ai_tools/comfyui-rocm/requirements.txt (line 34))
  Using cached annotated_types-0.7.0-py3-none-any.whl.metadata (15 kB)
Collecting pydantic-core==2.46.4 (from pydantic~=2.0->-r /mnt/c/ai_tools/comfyui-rocm/requirements.txt (line 34))
  Downloading pydantic_core-2.46.4-cp311-cp311-manylinux_2_17_x86_64.manylinux2014_x86_64.whl.metadata (6.6 kB)
Requirement already satisfied: typing-extensions>=4.14.1 in /home/justin/miniconda3/envs/rocm-comfyui-r9700/lib/python3.11/site-packages (from pydantic~=2.0->-r /mnt/c/ai_tools/comfyui-rocm/requirements.txt (line 34)) (4.15.0)
Collecting typing-inspection>=0.4.2 (from pydantic~=2.0->-r /mnt/c/ai_tools/comfyui-rocm/requirements.txt (line 34))
  Using cached typing_inspection-0.4.2-py3-none-any.whl.metadata (2.6 kB)
Collecting python-dotenv>=0.21.0 (from pydantic-settings~=2.0->-r /mnt/c/ai_tools/comfyui-rocm/requirements.txt (line 35))
  Downloading python_dotenv-1.2.2-py3-none-any.whl.metadata (27 kB)
Requirement already satisfied: setuptools<82 in /home/justin/miniconda3/envs/rocm-comfyui-r9700/lib/python3.11/site-packages (from torch->-r /mnt/c/ai_tools/comfyui-rocm/requirements.txt (line 4)) (70.2.0)
Requirement already satisfied: sympy>=1.13.3 in /home/justin/miniconda3/envs/rocm-comfyui-r9700/lib/python3.11/site-packages (from torch->-r /mnt/c/ai_tools/comfyui-rocm/requirements.txt (line 4)) (1.14.0)
Requirement already satisfied: networkx>=2.5.1 in /home/justin/miniconda3/envs/rocm-comfyui-r9700/lib/python3.11/site-packages (from torch->-r /mnt/c/ai_tools/comfyui-rocm/requirements.txt (line 4)) (3.6.1)
Requirement already satisfied: jinja2 in /home/justin/miniconda3/envs/rocm-comfyui-r9700/lib/python3.11/site-packages (from torch->-r /mnt/c/ai_tools/comfyui-rocm/requirements.txt (line 4)) (3.1.6)
Requirement already satisfied: fsspec>=0.8.5 in /home/justin/miniconda3/envs/rocm-comfyui-r9700/lib/python3.11/site-packages (from torch->-r /mnt/c/ai_tools/comfyui-rocm/requirements.txt (line 4)) (2026.2.0)
Requirement already satisfied: triton-rocm==3.6.0 in /home/justin/miniconda3/envs/rocm-comfyui-r9700/lib/python3.11/site-packages (from torch->-r /mnt/c/ai_tools/comfyui-rocm/requirements.txt (line 4)) (3.6.0)
Collecting trampoline>=0.1.2 (from torchsde->-r /mnt/c/ai_tools/comfyui-rocm/requirements.txt (line 5))
  Downloading trampoline-0.1.2-py3-none-any.whl.metadata (10 kB)
Collecting huggingface-hub<2.0,>=1.5.0 (from transformers>=4.50.3->-r /mnt/c/ai_tools/comfyui-rocm/requirements.txt (line 10))
  Downloading huggingface_hub-1.14.0-py3-none-any.whl.metadata (14 kB)
Requirement already satisfied: packaging>=20.0 in /home/justin/miniconda3/envs/rocm-comfyui-r9700/lib/python3.11/site-packages (from transformers>=4.50.3->-r /mnt/c/ai_tools/comfyui-rocm/requirements.txt (line 10)) (26.0)
Collecting regex>=2025.10.22 (from transformers>=4.50.3->-r /mnt/c/ai_tools/comfyui-rocm/requirements.txt (line 10))
  Using cached regex-2026.4.4-cp311-cp311-manylinux2014_x86_64.manylinux_2_17_x86_64.manylinux_2_28_x86_64.whl.metadata (40 kB)
Collecting tokenizers>=0.13.3 (from -r /mnt/c/ai_tools/comfyui-rocm/requirements.txt (line 11))
  Using cached tokenizers-0.22.2-cp39-abi3-manylinux_2_17_x86_64.manylinux2014_x86_64.whl.metadata (7.3 kB)
Collecting typer (from transformers>=4.50.3->-r /mnt/c/ai_tools/comfyui-rocm/requirements.txt (line 10))
  Using cached typer-0.25.1-py3-none-any.whl.metadata (15 kB)
Collecting hf-xet<2.0.0,>=1.4.3 (from huggingface-hub<2.0,>=1.5.0->transformers>=4.50.3->-r /mnt/c/ai_tools/comfyui-rocm/requirements.txt (line 10))
  Downloading hf_xet-1.5.0-cp37-abi3-manylinux2014_x86_64.manylinux_2_17_x86_64.whl.metadata (4.9 kB)
Collecting httpx<1,>=0.23.0 (from huggingface-hub<2.0,>=1.5.0->transformers>=4.50.3->-r /mnt/c/ai_tools/comfyui-rocm/requirements.txt (line 10))
  Using cached httpx-0.28.1-py3-none-any.whl.metadata (7.1 kB)
Collecting anyio (from httpx<1,>=0.23.0->huggingface-hub<2.0,>=1.5.0->transformers>=4.50.3->-r /mnt/c/ai_tools/comfyui-rocm/requirements.txt (line 10))
  Using cached anyio-4.13.0-py3-none-any.whl.metadata (4.5 kB)
Requirement already satisfied: certifi in /home/justin/miniconda3/envs/rocm-comfyui-r9700/lib/python3.11/site-packages (from httpx<1,>=0.23.0->huggingface-hub<2.0,>=1.5.0->transformers>=4.50.3->-r /mnt/c/ai_tools/comfyui-rocm/requirements.txt (line 10)) (2026.4.22)
Collecting httpcore==1.* (from httpx<1,>=0.23.0->huggingface-hub<2.0,>=1.5.0->transformers>=4.50.3->-r /mnt/c/ai_tools/comfyui-rocm/requirements.txt (line 10))
  Using cached httpcore-1.0.9-py3-none-any.whl.metadata (21 kB)
Requirement already satisfied: idna in /home/justin/miniconda3/envs/rocm-comfyui-r9700/lib/python3.11/site-packages (from httpx<1,>=0.23.0->huggingface-hub<2.0,>=1.5.0->transformers>=4.50.3->-r /mnt/c/ai_tools/comfyui-rocm/requirements.txt (line 10)) (3.13)
Collecting h11>=0.16 (from httpcore==1.*->httpx<1,>=0.23.0->huggingface-hub<2.0,>=1.5.0->transformers>=4.50.3->-r /mnt/c/ai_tools/comfyui-rocm/requirements.txt (line 10))
  Using cached h11-0.16.0-py3-none-any.whl.metadata (8.3 kB)
Collecting aiohappyeyeballs>=2.5.0 (from aiohttp>=3.11.8->-r /mnt/c/ai_tools/comfyui-rocm/requirements.txt (line 14))
  Using cached aiohappyeyeballs-2.6.1-py3-none-any.whl.metadata (5.9 kB)
Collecting aiosignal>=1.4.0 (from aiohttp>=3.11.8->-r /mnt/c/ai_tools/comfyui-rocm/requirements.txt (line 14))
  Using cached aiosignal-1.4.0-py3-none-any.whl.metadata (3.7 kB)
Collecting attrs>=17.3.0 (from aiohttp>=3.11.8->-r /mnt/c/ai_tools/comfyui-rocm/requirements.txt (line 14))
  Using cached attrs-26.1.0-py3-none-any.whl.metadata (8.8 kB)
Collecting frozenlist>=1.1.1 (from aiohttp>=3.11.8->-r /mnt/c/ai_tools/comfyui-rocm/requirements.txt (line 14))
  Using cached frozenlist-1.8.0-cp311-cp311-manylinux1_x86_64.manylinux_2_28_x86_64.manylinux_2_5_x86_64.whl.metadata (20 kB)
Collecting multidict<7.0,>=4.5 (from aiohttp>=3.11.8->-r /mnt/c/ai_tools/comfyui-rocm/requirements.txt (line 14))
  Using cached multidict-6.7.1-cp311-cp311-manylinux2014_x86_64.manylinux_2_17_x86_64.manylinux_2_28_x86_64.whl.metadata (5.3 kB)
Collecting propcache>=0.2.0 (from aiohttp>=3.11.8->-r /mnt/c/ai_tools/comfyui-rocm/requirements.txt (line 14))
  Using cached propcache-0.4.1-cp311-cp311-manylinux2014_x86_64.manylinux_2_17_x86_64.manylinux_2_28_x86_64.whl.metadata (13 kB)
Collecting Mako (from alembic->-r /mnt/c/ai_tools/comfyui-rocm/requirements.txt (line 21))
  Downloading mako-1.3.12-py3-none-any.whl.metadata (2.9 kB)
Collecting greenlet>=1 (from SQLAlchemy>=2.0.0->-r /mnt/c/ai_tools/comfyui-rocm/requirements.txt (line 22))
  Downloading greenlet-3.5.0-cp311-cp311-manylinux_2_24_x86_64.manylinux_2_28_x86_64.whl.metadata (3.7 kB)
Requirement already satisfied: charset_normalizer<4,>=2 in /home/justin/miniconda3/envs/rocm-comfyui-r9700/lib/python3.11/site-packages (from requests->-r /mnt/c/ai_tools/comfyui-rocm/requirements.txt (line 27)) (3.4.7)
Requirement already satisfied: urllib3<3,>=1.26 in /home/justin/miniconda3/envs/rocm-comfyui-r9700/lib/python3.11/site-packages (from requests->-r /mnt/c/ai_tools/comfyui-rocm/requirements.txt (line 27)) (2.6.3)
Collecting kornia_rs>=0.1.9 (from kornia>=0.7.1->-r /mnt/c/ai_tools/comfyui-rocm/requirements.txt (line 32))
  Downloading kornia_rs-0.1.11-cp311-cp311-manylinux_2_17_x86_64.manylinux2014_x86_64.whl.metadata (15 kB)
Requirement already satisfied: mpmath<1.4,>=1.1.0 in /home/justin/miniconda3/envs/rocm-comfyui-r9700/lib/python3.11/site-packages (from sympy>=1.13.3->torch->-r /mnt/c/ai_tools/comfyui-rocm/requirements.txt (line 4)) (1.3.0)
Collecting click>=8.2.1 (from typer->transformers>=4.50.3->-r /mnt/c/ai_tools/comfyui-rocm/requirements.txt (line 10))
  Using cached click-8.3.3-py3-none-any.whl.metadata (2.6 kB)
Collecting shellingham>=1.3.0 (from typer->transformers>=4.50.3->-r /mnt/c/ai_tools/comfyui-rocm/requirements.txt (line 10))
  Using cached shellingham-1.5.4-py2.py3-none-any.whl.metadata (3.5 kB)
Collecting rich>=13.8.0 (from typer->transformers>=4.50.3->-r /mnt/c/ai_tools/comfyui-rocm/requirements.txt (line 10))
  Using cached rich-15.0.0-py3-none-any.whl.metadata (18 kB)
Collecting annotated-doc>=0.0.2 (from typer->transformers>=4.50.3->-r /mnt/c/ai_tools/comfyui-rocm/requirements.txt (line 10))
  Using cached annotated_doc-0.0.4-py3-none-any.whl.metadata (6.6 kB)
Collecting markdown-it-py>=2.2.0 (from rich>=13.8.0->typer->transformers>=4.50.3->-r /mnt/c/ai_tools/comfyui-rocm/requirements.txt (line 10))
  Downloading markdown_it_py-4.1.0-py3-none-any.whl.metadata (7.4 kB)
Collecting pygments<3.0.0,>=2.13.0 (from rich>=13.8.0->typer->transformers>=4.50.3->-r /mnt/c/ai_tools/comfyui-rocm/requirements.txt (line 10))
  Using cached pygments-2.20.0-py3-none-any.whl.metadata (2.5 kB)
Collecting mdurl~=0.1 (from markdown-it-py>=2.2.0->rich>=13.8.0->typer->transformers>=4.50.3->-r /mnt/c/ai_tools/comfyui-rocm/requirements.txt (line 10))
  Using cached mdurl-0.1.2-py3-none-any.whl.metadata (1.6 kB)
Requirement already satisfied: MarkupSafe>=2.0 in /home/justin/miniconda3/envs/rocm-comfyui-r9700/lib/python3.11/site-packages (from jinja2->torch->-r /mnt/c/ai_tools/comfyui-rocm/requirements.txt (line 4)) (3.0.3)
Downloading comfyui_frontend_package-1.43.17-py3-none-any.whl (22.2 MB)
   ━━━━━━━━━━━━━━━━━━━━━━━━━━━━━━━━━━━━━━━━ 22.2/22.2 MB 7.0 MB/s  0:00:03
Downloading comfyui_workflow_templates-0.9.69-py3-none-any.whl (10 kB)
Downloading comfyui_embedded_docs-0.4.4-py3-none-any.whl (11.3 MB)
   ━━━━━━━━━━━━━━━━━━━━━━━━━━━━━━━━━━━━━━━━ 11.3/11.3 MB 9.8 MB/s  0:00:01
Downloading comfy_aimdo-0.3.0-cp39-abi3-manylinux1_x86_64.manylinux2014_x86_64.manylinux_2_17_x86_64.manylinux_2_5_x86_64.whl (262 kB)
Downloading comfyui_workflow_templates_core-0.3.226-py3-none-any.whl (54 kB)
Downloading comfyui_workflow_templates_media_api-0.3.75-py3-none-any.whl (74.8 MB)
   ━━━━━━━━━━━━━━━━━━━━━━━━━━━━━━━━━━━━━━━━ 74.8/74.8 MB 9.1 MB/s  0:00:08
Downloading comfyui_workflow_templates_media_image-0.3.135-py3-none-any.whl (73.5 MB)
   ━━━━━━━━━━━━━━━━━━━━━━━━━━━━━━━━━━━━━━━━ 73.5/73.5 MB 9.4 MB/s  0:00:07
Downloading comfyui_workflow_templates_media_other-0.3.192-py3-none-any.whl (58.8 MB)
   ━━━━━━━━━━━━━━━━━━━━━━━━━━━━━━━━━━━━━━━━ 58.8/58.8 MB 9.1 MB/s  0:00:06
Downloading comfyui_workflow_templates_media_video-0.3.83-py3-none-any.whl (93.5 MB)
   ━━━━━━━━━━━━━━━━━━━━━━━━━━━━━━━━━━━━━━━━ 93.5/93.5 MB 9.5 MB/s  0:00:09
Downloading pydantic-2.13.4-py3-none-any.whl (472 kB)
Downloading pydantic_core-2.46.4-cp311-cp311-manylinux_2_17_x86_64.manylinux2014_x86_64.whl (2.1 MB)
   ━━━━━━━━━━━━━━━━━━━━━━━━━━━━━━━━━━━━━━━━ 2.1/2.1 MB 9.6 MB/s  0:00:00
Downloading pydantic_settings-2.14.0-py3-none-any.whl (60 kB)
Downloading torchsde-0.2.6-py3-none-any.whl (61 kB)
Using cached einops-0.8.2-py3-none-any.whl (65 kB)
Downloading transformers-5.8.0-py3-none-any.whl (10.6 MB)
   ━━━━━━━━━━━━━━━━━━━━━━━━━━━━━━━━━━━━━━━━ 10.6/10.6 MB 9.6 MB/s  0:00:01
Using cached tokenizers-0.22.2-cp39-abi3-manylinux_2_17_x86_64.manylinux2014_x86_64.whl (3.3 MB)
Downloading huggingface_hub-1.14.0-py3-none-any.whl (661 kB)
   ━━━━━━━━━━━━━━━━━━━━━━━━━━━━━━━━━━━━━━━━ 661.5/661.5 kB 8.3 MB/s  0:00:00
Downloading hf_xet-1.5.0-cp37-abi3-manylinux2014_x86_64.manylinux_2_17_x86_64.whl (4.5 MB)
   ━━━━━━━━━━━━━━━━━━━━━━━━━━━━━━━━━━━━━━━━ 4.5/4.5 MB 9.6 MB/s  0:00:00
Using cached httpx-0.28.1-py3-none-any.whl (73 kB)
Using cached httpcore-1.0.9-py3-none-any.whl (78 kB)
Using cached sentencepiece-0.2.1-cp311-cp311-manylinux_2_27_x86_64.manylinux_2_28_x86_64.whl (1.4 MB)
Downloading safetensors-0.7.0-cp38-abi3-manylinux_2_17_x86_64.manylinux2014_x86_64.whl (507 kB)
Using cached aiohttp-3.13.5-cp311-cp311-manylinux2014_x86_64.manylinux_2_17_x86_64.manylinux_2_28_x86_64.whl (1.8 MB)
Using cached yarl-1.23.0-cp311-cp311-manylinux2014_x86_64.manylinux_2_17_x86_64.manylinux_2_28_x86_64.whl (102 kB)
Using cached multidict-6.7.1-cp311-cp311-manylinux2014_x86_64.manylinux_2_17_x86_64.manylinux_2_28_x86_64.whl (246 kB)
Using cached pyyaml-6.0.3-cp311-cp311-manylinux2014_x86_64.manylinux_2_17_x86_64.manylinux_2_28_x86_64.whl (806 kB)
Downloading scipy-1.17.1-cp311-cp311-manylinux_2_27_x86_64.manylinux_2_28_x86_64.whl (35.3 MB)
   ━━━━━━━━━━━━━━━━━━━━━━━━━━━━━━━━━━━━━━━━ 35.3/35.3 MB 9.7 MB/s  0:00:03
Using cached psutil-7.2.2-cp36-abi3-manylinux2010_x86_64.manylinux_2_12_x86_64.manylinux_2_28_x86_64.whl (155 kB)
Downloading alembic-1.18.4-py3-none-any.whl (263 kB)
Downloading sqlalchemy-2.0.49-cp311-cp311-manylinux2014_x86_64.manylinux_2_17_x86_64.manylinux_2_28_x86_64.whl (3.3 MB)
   ━━━━━━━━━━━━━━━━━━━━━━━━━━━━━━━━━━━━━━━━ 3.3/3.3 MB 9.9 MB/s  0:00:00
Downloading av-17.0.1-cp311-abi3-manylinux_2_28_x86_64.whl (36.3 MB)
   ━━━━━━━━━━━━━━━━━━━━━━━━━━━━━━━━━━━━━━━━ 36.3/36.3 MB 9.2 MB/s  0:00:03
Downloading comfy_kitchen-0.2.8-cp311-cp311-manylinux_2_24_x86_64.manylinux_2_28_x86_64.whl (797 kB)
   ━━━━━━━━━━━━━━━━━━━━━━━━━━━━━━━━━━━━━━━━ 797.8/797.8 kB 9.3 MB/s  0:00:00
Downloading simpleeval-1.0.7-py3-none-any.whl (18 kB)
Downloading blake3-1.0.8-cp311-cp311-manylinux_2_17_x86_64.manylinux2014_x86_64.whl (387 kB)
Downloading kornia-0.8.2-py2.py3-none-any.whl (1.1 MB)
   ━━━━━━━━━━━━━━━━━━━━━━━━━━━━━━━━━━━━━━━━ 1.1/1.1 MB 9.2 MB/s  0:00:00
Downloading spandrel-0.4.2-py3-none-any.whl (320 kB)
Downloading pyopengl-3.1.10-py3-none-any.whl (3.2 MB)
   ━━━━━━━━━━━━━━━━━━━━━━━━━━━━━━━━━━━━━━━━ 3.2/3.2 MB 10.0 MB/s  0:00:00
Downloading glfw-2.10.0-py2.py27.py3.py30.py31.py32.py33.py34.py35.py36.py37.py38.py39.py310.py311.py312.py313.py314-none-manylinux_2_28_x86_64.whl (243 kB)
Using cached aiohappyeyeballs-2.6.1-py3-none-any.whl (15 kB)
Using cached aiosignal-1.4.0-py3-none-any.whl (7.5 kB)
Using cached annotated_types-0.7.0-py3-none-any.whl (13 kB)
Using cached attrs-26.1.0-py3-none-any.whl (67 kB)
Using cached frozenlist-1.8.0-cp311-cp311-manylinux1_x86_64.manylinux_2_28_x86_64.manylinux_2_5_x86_64.whl (231 kB)
Downloading greenlet-3.5.0-cp311-cp311-manylinux_2_24_x86_64.manylinux_2_28_x86_64.whl (615 kB)
   ━━━━━━━━━━━━━━━━━━━━━━━━━━━━━━━━━━━━━━━━ 615.2/615.2 kB 9.5 MB/s  0:00:00
Using cached h11-0.16.0-py3-none-any.whl (37 kB)
Downloading kornia_rs-0.1.11-cp311-cp311-manylinux_2_17_x86_64.manylinux2014_x86_64.whl (3.4 MB)
   ━━━━━━━━━━━━━━━━━━━━━━━━━━━━━━━━━━━━━━━━ 3.4/3.4 MB 9.5 MB/s  0:00:00
Using cached propcache-0.4.1-cp311-cp311-manylinux2014_x86_64.manylinux_2_17_x86_64.manylinux_2_28_x86_64.whl (210 kB)
Downloading python_dotenv-1.2.2-py3-none-any.whl (22 kB)
Using cached regex-2026.4.4-cp311-cp311-manylinux2014_x86_64.manylinux_2_17_x86_64.manylinux_2_28_x86_64.whl (799 kB)
Downloading trampoline-0.1.2-py3-none-any.whl (5.2 kB)
Using cached typer-0.25.1-py3-none-any.whl (58 kB)
Using cached annotated_doc-0.0.4-py3-none-any.whl (5.3 kB)
Using cached click-8.3.3-py3-none-any.whl (110 kB)
Using cached rich-15.0.0-py3-none-any.whl (310 kB)
Using cached pygments-2.20.0-py3-none-any.whl (1.2 MB)
Downloading markdown_it_py-4.1.0-py3-none-any.whl (90 kB)
Using cached mdurl-0.1.2-py3-none-any.whl (10.0 kB)
Using cached shellingham-1.5.4-py2.py3-none-any.whl (9.8 kB)
Using cached typing_inspection-0.4.2-py3-none-any.whl (14 kB)
Using cached anyio-4.13.0-py3-none-any.whl (114 kB)
Downloading mako-1.3.12-py3-none-any.whl (78 kB)
Installing collected packages: trampoline, PyOpenGL, glfw, typing-inspection, simpleeval, shellingham, sentencepiece, scipy, safetensors, regex, pyyaml, python-dotenv, pygments, pydantic-core, psutil, propcache, multidict, mdurl, Mako, kornia_rs, hf-xet, h11, greenlet, frozenlist, einops, comfyui-workflow-templates-media-video, comfyui-workflow-templates-media-other, comfyui-workflow-templates-media-image, comfyui-workflow-templates-media-api, comfyui-workflow-templates-core, comfyui-frontend-package, comfyui-embedded-docs, comfy-kitchen, comfy-aimdo, click, blake3, av, attrs, anyio, annotated-types, annotated-doc, aiohappyeyeballs, yarl, SQLAlchemy, pydantic, markdown-it-py, httpcore, comfyui-workflow-templates, aiosignal, torchsde, rich, pydantic-settings, kornia, httpx, alembic, aiohttp, typer, spandrel, huggingface-hub, tokenizers, transformers

Successfully installed Mako-1.3.12 PyOpenGL-3.1.10 SQLAlchemy-2.0.49 aiohappyeyeballs-2.6.1 aiohttp-3.13.5 aiosignal-1.4.0 alembic-1.18.4 annotated-doc-0.0.4 annotated-types-0.7.0 anyio-4.13.0 attrs-26.1.0 av-17.0.1 blake3-1.0.8 click-8.3.3 comfy-aimdo-0.3.0 comfy-kitchen-0.2.8 comfyui-embedded-docs-0.4.4 comfyui-frontend-package-1.43.17 comfyui-workflow-templates-0.9.69 comfyui-workflow-templates-core-0.3.226 comfyui-workflow-templates-media-api-0.3.75 comfyui-workflow-templates-media-image-0.3.135 comfyui-workflow-templates-media-other-0.3.192 comfyui-workflow-templates-media-video-0.3.83 einops-0.8.2 frozenlist-1.8.0 glfw-2.10.0 greenlet-3.5.0 h11-0.16.0 hf-xet-1.5.0 httpcore-1.0.9 httpx-0.28.1 huggingface-hub-1.14.0 kornia-0.8.2 kornia_rs-0.1.11 markdown-it-py-4.1.0 mdurl-0.1.2 multidict-6.7.1 propcache-0.4.1 psutil-7.2.2 pydantic-2.13.4 pydantic-core-2.46.4 pydantic-settings-2.14.0 pygments-2.20.0 python-dotenv-1.2.2 pyyaml-6.0.3 regex-2026.4.4 rich-15.0.0 safetensors-0.7.0 scipy-1.17.1 sentencepiece-0.2.1 shellingham-1.5.4 simpleeval-1.0.7 spandrel-0.4.2 tokenizers-0.22.2 torchsde-0.2.6 trampoline-0.1.2 transformers-5.8.0 typer-0.25.1 typing-inspection-0.4.2 yarl-1.23.0

  [OK]

Step 4: Verify ROCm torch not replaced...
  Current torch: 2.11.0+rocm7.2
  [OK] ROCm torch confirmed

Step 5: Create launch script...
  Launch script: /mnt/c/ai_tools/comfyui-rocm/start_comfyui_rocm.sh

================================================================
ComfyUI ROCm setup complete.

To start ComfyUI ROCm:
  bash /mnt/c/ai_tools/comfyui-rocm/start_comfyui_rocm.sh
  Then open: http://localhost:8189

Next: scripts/05_setup_comfyui_model_symlinks.sh (requires approval)
================================================================
