setup plugin alembic.autogenerate.schemas
setup plugin alembic.autogenerate.tables
setup plugin alembic.autogenerate.types
setup plugin alembic.autogenerate.constraints
setup plugin alembic.autogenerate.defaults
setup plugin alembic.autogenerate.comments
[START] Security scan
[DONE] Security scan
## ComfyUI-Manager: installing dependencies done.
** ComfyUI startup time: 2026-05-07 13:48:46.260
** Platform: Linux
** Python version: 3.11.15 (main, Mar 11 2026, 17:20:07) [GCC 14.3.0]
** Python executable: /home/justin/miniconda3/envs/rocm-comfyui-r9700/bin/python
** ComfyUI Path: /mnt/c/ai_tools/comfyui-rocm
** ComfyUI Base Folder Path: /mnt/c/ai_tools/comfyui-rocm
** User directory: /mnt/c/ai_tools/comfyui-rocm/user
** ComfyUI-Manager config path: /mnt/c/ai_tools/comfyui-rocm/user/__manager/config.ini
** Log path: /mnt/c/ai_tools/comfyui-rocm/user/comfyui.log

Prestartup times for custom nodes:
   0.0 seconds: /mnt/c/ai_tools/comfyui-rocm/custom_nodes/rgthree-comfy
   0.7 seconds: /mnt/c/ai_tools/comfyui-rocm/custom_nodes/ComfyUI-Manager

Found comfy_kitchen backend triton: {'available': True, 'disabled': True, 'unavailable_reason': None, 'capabilities': ['apply_rope', 'apply_rope1', 'dequantize_nvfp4', 'dequantize_per_tensor_fp8', 'quantize_mxfp8', 'quantize_nvfp4', 'quantize_per_tensor_fp8']}
Found comfy_kitchen backend cuda: {'available': True, 'disabled': True, 'unavailable_reason': None, 'capabilities': ['apply_rope', 'apply_rope1', 'dequantize_nvfp4', 'dequantize_per_tensor_fp8', 'quantize_mxfp8', 'quantize_nvfp4', 'quantize_per_tensor_fp8', 'scaled_mm_nvfp4']}
Found comfy_kitchen backend eager: {'available': True, 'disabled': False, 'unavailable_reason': None, 'capabilities': ['apply_rope', 'apply_rope1', 'dequantize_mxfp8', 'dequantize_nvfp4', 'dequantize_per_tensor_fp8', 'quantize_mxfp8', 'quantize_nvfp4', 'quantize_per_tensor_fp8', 'scaled_mm_mxfp8', 'scaled_mm_nvfp4']}
Checkpoint files will always be loaded safely.
Total VRAM 32624 MB, total RAM 61916 MB
pytorch version: 2.11.0+rocm7.2
Set: torch.backends.cudnn.enabled = False for better AMD performance.
AMD arch: gfx1201
ROCm version: (7, 2)
Set vram state to: NORMAL_VRAM
Device: cuda:0 AMD Radeon AI PRO R9700 : native
Using async weight offloading with 2 streams
Enabled pinned memory 55724.0
Using pytorch attention
Python version: 3.11.15 (main, Mar 11 2026, 17:20:07) [GCC 14.3.0]
ComfyUI version: 0.20.1
comfy-aimdo version: 0.3.0
comfy-kitchen version: 0.2.8
ComfyUI frontend version: 1.43.17
[Prompt Server] web root: /home/justin/miniconda3/envs/rocm-comfyui-r9700/lib/python3.11/site-packages/comfyui_frontend_package/static
Asset seeder disabled

[92m[rgthree-comfy] Loaded 48 exciting nodes. 🎉[0m

[33m[rgthree-comfy] ComfyUI's new Node 2.0 rendering may be incompatible with some rgthree-comfy nodes and features, breaking some rendering as well as losing the ability to access a node's properties (a vital part of many nodes). It also appears to run MUCH more slowly spiking CPU usage and causing jankiness and unresponsiveness, especially with large workflows. Personally I am not planning to use the new Nodes 2.0 and, unfortunately, am not able to invest the time to investigate and overhaul rgthree-comfy where needed. If you have issues when Nodes 2.0 is enabled, I'd urge you to switch it off as well and join me in hoping ComfyUI is not planning to deprecate the existing, stable canvas rendering all together.
[0m
### Loading: ComfyUI-Manager (V3.40)
[ComfyUI-Manager] network_mode: public
[ComfyUI-Manager] ComfyUI per-queue preview override detected (PR #11261). Manager's preview method feature is disabled. Use ComfyUI's --preview-method CLI option or 'Settings > Execution > Live preview method'.
### ComfyUI Version: v0.20.1-77-ge35348aa | Released on '2026-05-06'

Import times for custom nodes:
   0.0 seconds: /mnt/c/ai_tools/comfyui-rocm/custom_nodes/websocket_image_save.py
   0.0 seconds: /mnt/c/ai_tools/comfyui-rocm/custom_nodes/ComfyUI-Custom-Scripts
   0.0 seconds: /mnt/c/ai_tools/comfyui-rocm/custom_nodes/rgthree-comfy
   0.0 seconds: /mnt/c/ai_tools/comfyui-rocm/custom_nodes/ComfyUI_essentials
   0.0 seconds: /mnt/c/ai_tools/comfyui-rocm/custom_nodes/ComfyUI-Manager
   0.1 seconds: /mnt/c/ai_tools/comfyui-rocm/custom_nodes/ComfyUI-VideoHelperSuite

Context impl SQLiteImpl.
Will assume non-transactional DDL.
Context impl SQLiteImpl.
Will assume non-transactional DDL.
Running upgrade  -> 0001_assets, Initial assets schema
Revision ID: 0001_assets
Revises: None
Create Date: 2025-12-10 00:00:00
Running upgrade 0001_assets -> 0002_merge_to_asset_references, Merge AssetInfo and AssetCacheState into unified asset_references table.
Running upgrade 0002_merge_to_asset_references -> 0003_add_metadata_job_id, Add system_metadata and job_id columns to asset_references.
Change preview_id FK from assets.id to asset_references.id.
Database upgraded from None to 0003_add_metadata_job_id
Starting server

To see the GUI go to: http://0.0.0.0:8189
[ComfyUI-Manager] default cache updated: https://raw.githubusercontent.com/ltdrdata/ComfyUI-Manager/main/alter-list.json
[ComfyUI-Manager] default cache updated: https://raw.githubusercontent.com/ltdrdata/ComfyUI-Manager/main/model-list.json
[ComfyUI-Manager] default cache updated: https://raw.githubusercontent.com/ltdrdata/ComfyUI-Manager/main/github-stats.json
[ComfyUI-Manager] default cache updated: https://raw.githubusercontent.com/ltdrdata/ComfyUI-Manager/main/extension-node-map.json
[ComfyUI-Manager] default cache updated: https://raw.githubusercontent.com/ltdrdata/ComfyUI-Manager/main/custom-node-list.json
FETCH ComfyRegistry Data: 5/144
FETCH ComfyRegistry Data: 10/144
[DEPRECATION WARNING] Detected import of deprecated legacy API: /scripts/ui.js. This is likely caused by a custom node extension using outdated APIs. Please update your extensions or contact the extension author for an updated version.
[DEPRECATION WARNING] Detected import of deprecated legacy API: /extensions/core/widgetInputs.js. This is likely caused by a custom node extension using outdated APIs. Please update your extensions or contact the extension author for an updated version.
[DEPRECATION WARNING] Detected import of deprecated legacy API: /extensions/core/groupNode.js. This is likely caused by a custom node extension using outdated APIs. Please update your extensions or contact the extension author for an updated version.
WARNING path /mnt/c/ai_tools/comfyui-rocm/models/checkpoints/svd_xt.safetensors exists but doesn't link anywhere, skipping.
[DEPRECATION WARNING] Detected import of deprecated legacy API: /scripts/ui/components/button.js. This is likely caused by a custom node extension using outdated APIs. Please update your extensions or contact the extension author for an updated version.
[DEPRECATION WARNING] Detected import of deprecated legacy API: /scripts/ui/components/buttonGroup.js. This is likely caused by a custom node extension using outdated APIs. Please update your extensions or contact the extension author for an updated version.
FETCH ComfyRegistry Data: 15/144
FETCH ComfyRegistry Data: 20/144
FETCH ComfyRegistry Data: 25/144
FETCH ComfyRegistry Data: 30/144
FETCH ComfyRegistry Data: 35/144
FETCH ComfyRegistry Data: 40/144
FETCH ComfyRegistry Data: 45/144
FETCH ComfyRegistry Data: 50/144
FETCH ComfyRegistry Data: 55/144
FETCH ComfyRegistry Data: 60/144
FETCH ComfyRegistry Data: 65/144
FETCH ComfyRegistry Data: 70/144
FETCH ComfyRegistry Data: 75/144
FETCH ComfyRegistry Data: 80/144
FETCH ComfyRegistry Data: 85/144
FETCH ComfyRegistry Data: 90/144
FETCH ComfyRegistry Data: 95/144
FETCH ComfyRegistry Data: 100/144
FETCH ComfyRegistry Data: 105/144
FETCH ComfyRegistry Data: 110/144
FETCH ComfyRegistry Data: 115/144
FETCH ComfyRegistry Data: 120/144
FETCH ComfyRegistry Data: 125/144
FETCH ComfyRegistry Data: 130/144
FETCH ComfyRegistry Data: 135/144
FETCH ComfyRegistry Data: 140/144
FETCH ComfyRegistry Data [DONE]
[ComfyUI-Manager] default cache updated: https://api.comfy.org/nodes
FETCH DATA from: https://raw.githubusercontent.com/ltdrdata/ComfyUI-Manager/main/custom-node-list.json [DONE]
[ComfyUI-Manager] All startup tasks have been completed.
WARNING path /mnt/c/ai_tools/comfyui-rocm/models/checkpoints/svd_xt.safetensors exists but doesn't link anywhere, skipping.
WARNING path /mnt/c/ai_tools/comfyui-rocm/models/checkpoints/svd_xt.safetensors exists but doesn't link anywhere, skipping.
WARNING path /mnt/c/ai_tools/comfyui-rocm/models/checkpoints/svd_xt.safetensors exists but doesn't link anywhere, skipping.
got prompt
Failed to validate prompt for output 7:
* (prompt):
  - Required input is missing: pingpong
* LTXVConditioning 3:
  - Required input is missing: frame_rate
* CheckpointLoaderSimple 1:
  - Value not in list: ckpt_name: 'ltx-2/ltx-2.3-22b-distilled-fp8.safetensors' not in (list of length 21)
* KSampler 5:
  - Value not in list: scheduler: 'ltxv' not in ['simple', 'sgm_uniform', 'karras', 'exponential', 'ddim_uniform', 'beta', 'normal', 'linear_quadratic', 'kl_optimal']
* VAEDecodeTiled 6:
  - Required input is missing: temporal_size
  - Required input is missing: temporal_overlap
  - Required input is missing: overlap
  - Required input is missing: tile_size
* VHS_VideoCombine 7:
  - Required input is missing: pingpong
Output will be ignored
invalid prompt: {'type': 'prompt_outputs_failed_validation', 'message': 'Prompt outputs failed validation', 'details': 'Required input is missing: pingpong', 'extra_info': {}}
got prompt
invalid prompt: {'type': 'missing_node_type', 'message': "Node '🅛🅣🅧 Multimodal Guider' not found. The custom node may not be installed.", 'details': "Node ID '#17'", 'extra_info': {'node_id': '17', 'class_type': 'MultimodalGuider', 'node_title': '🅛🅣🅧 Multimodal Guider'}}
